Godot Engine v4.7.2.stable.official.ed1daf0bf - https://godotengine.org
WARNING: Your video card drivers seem not to support the required Vulkan version, switching to OpenGL 3.
     at: DisplayServerX11 (platform/linuxbsd/x11/display_server_x11.cpp:7124)
WARNING: Could not set V-Sync mode, as changing V-Sync mode is not supported by the graphics driver.
     at: set_use_vsync (platform/linuxbsd/x11/gl_manager_x11.cpp:372)
OpenGL API 4.5 (Core Profile) Mesa 22.3.6 - Compatibility - Using Device: Mesa/X.org - llvmpipe (LLVM 15.0.6, 128 bits)
ALSA lib confmisc.c:855:(parse_card) cannot find card '0'
ALSA lib conf.c:5180:(_snd_config_evaluate) function snd_func_card_inum returned error: No such file or directory
ALSA lib confmisc.c:422:(snd_func_concat) error evaluating strings
ALSA lib conf.c:5180:(_snd_config_evaluate) function snd_func_concat returned error: No such file or directory
ALSA lib confmisc.c:1334:(snd_func_refer) error evaluating name
ALSA lib conf.c:5180:(_snd_config_evaluate) function snd_func_refer returned error: No such file or directory
ALSA lib conf.c:5703:(snd_config_expand) Evaluate error: No such file or directory
ALSA lib pcm.c:2666:(snd_pcm_open_noupdate) Unknown PCM default
ERROR: Condition "status < 0" is true. Returning: ERR_CANT_OPEN
   at: init_output_device (drivers/alsa/audio_driver_alsa.cpp:97)
WARNING: All audio drivers failed, falling back to the dummy driver.
     at: initialize (servers/audio/audio_server.cpp:258)

[11:39:31] ENet: server listening on 127.0.0.1:24565 — HOST is peer 1
[11:39:33] ENet: peer_connected id=843749299 (transport-level connection evidence)
[11:39:33] HOST: sent authoritative world state to new peer 843749299
[11:39:36] CAPTURE: saved /company/outputs/swift-arrival-independent-journey-r1-20260828T1140Z/native-positive/shots/seq_000.png
[11:39:36] HOST: RESOLVED grab by peer 843749299 (crate now held)
[11:39:37] HOST: RESOLVED drop by peer 843749299 — crate at (-0.0, 0.65, -2.15) (recoverable)
[11:39:38] HOST: RESOLVED grab by peer 843749299 (crate now held)
[11:39:41] CAPTURE: saved /company/outputs/swift-arrival-independent-journey-r1-20260828T1140Z/native-positive/shots/seq_001.png
[11:39:41] HOST: peer 843749299 occupies DRIVER position
[11:39:42] HOST: received drive input from driver 843749299
[11:39:42] MISSION: loaded truck journey started by peer 843749299
[11:39:46] TRUCK: route position z=10.0 (bounded 0..40)
[11:39:46] CAPTURE: saved /company/outputs/swift-arrival-independent-journey-r1-20260828T1140Z/native-positive/shots/seq_002.png
[11:39:49] TRUCK: route position z=20.0 (bounded 0..40)
[11:39:51] CAPTURE: saved /company/outputs/swift-arrival-independent-journey-r1-20260828T1140Z/native-positive/shots/seq_003.png
[11:39:52] TRUCK: route position z=30.0 (bounded 0..40)
[11:39:56] MISSION: loaded truck reached route end; valid driver exit now required
[11:39:56] TRUCK: route position z=40.0 (bounded 0..40)
[11:39:56] CAPTURE: saved /company/outputs/swift-arrival-independent-journey-r1-20260828T1140Z/native-positive/shots/seq_004.png
[11:39:57] MISSION: loaded journey advanced through valid route-end seat exit by peer 843749299
[11:39:57] HOST: peer 843749299 left driver position at rear cargo threshold
[11:39:59] HOST: RESOLVED unload by peer 843749299 — crate at world (-0.168869, 0.405, 35.57354)
[11:39:59] MISSION: HOST completed delivery #1 (loaded drive + route-end exit + zone unload) — broadcasting
[11:39:59] FEEDBACK[ok]: DELIVERY COMPLETED — loaded route and destination unload verified
[11:39:59] CAPTURE: saved /company/outputs/swift-arrival-independent-journey-r1-20260828T1140Z/native-positive/shots/ev_delivered.png
[11:40:01] CAPTURE: saved /company/outputs/swift-arrival-independent-journey-r1-20260828T1140Z/native-positive/shots/seq_005.png
