Godot Engine v4.7.2.stable.official.ed1daf0bf - https://godotengine.org
WARNING: Your video card drivers seem not to support the required Vulkan version, switching to OpenGL 3.
     at: DisplayServerX11 (platform/linuxbsd/x11/display_server_x11.cpp:7124)
WARNING: Could not set V-Sync mode, as changing V-Sync mode is not supported by the graphics driver.
     at: set_use_vsync (platform/linuxbsd/x11/gl_manager_x11.cpp:372)
OpenGL API 4.5 (Core Profile) Mesa 22.3.6 - Compatibility - Using Device: Mesa/X.org - llvmpipe (LLVM 15.0.6, 128 bits)
ALSA lib confmisc.c:855:(parse_card) cannot find card '0'
ALSA lib conf.c:5180:(_snd_config_evaluate) function snd_func_card_inum returned error: No such file or directory
ALSA lib confmisc.c:422:(snd_func_concat) error evaluating strings
ALSA lib conf.c:5180:(_snd_config_evaluate) function snd_func_concat returned error: No such file or directory
ALSA lib confmisc.c:1334:(snd_func_refer) error evaluating name
ALSA lib conf.c:5180:(_snd_config_evaluate) function snd_func_refer returned error: No such file or directory
ALSA lib conf.c:5703:(snd_config_expand) Evaluate error: No such file or directory
ALSA lib pcm.c:2666:(snd_pcm_open_noupdate) Unknown PCM default
ERROR: Condition "status < 0" is true. Returning: ERR_CANT_OPEN
   at: init_output_device (drivers/alsa/audio_driver_alsa.cpp:97)
WARNING: All audio drivers failed, falling back to the dummy driver.
     at: initialize (servers/audio/audio_server.cpp:258)

[10:08:33] ENet: client connecting to 127.0.0.1:24565 ...
[10:08:33] ENet: CONNECTED to host as CLIENT peer 1373654529
[10:08:33] ENet: peer_connected id=1 (transport-level connection evidence)
[10:08:38] CAPTURE: saved /company/outputs/swift-arrival-independent-20260828T095848Z/review-target/shots/seq_000_01.png
[10:08:43] CAPTURE: saved /company/outputs/swift-arrival-independent-20260828T095848Z/review-target/shots/seq_001_02.png
[10:08:48] CAPTURE: saved /company/outputs/swift-arrival-independent-20260828T095848Z/review-target/shots/seq_002_03.png
[10:08:53] CAPTURE: saved /company/outputs/swift-arrival-independent-20260828T095848Z/review-target/shots/seq_003_04.png
[10:08:58] CAPTURE: saved /company/outputs/swift-arrival-independent-20260828T095848Z/review-target/shots/seq_004_05.png
[10:09:03] CAPTURE: saved /company/outputs/swift-arrival-independent-20260828T095848Z/review-target/shots/seq_005_06.png
[10:09:08] CAPTURE: saved /company/outputs/swift-arrival-independent-20260828T095848Z/review-target/shots/seq_006_07.png
[10:09:13] CAPTURE: saved /company/outputs/swift-arrival-independent-20260828T095848Z/review-target/shots/seq_007_08.png
[10:09:18] CAPTURE: saved /company/outputs/swift-arrival-independent-20260828T095848Z/review-target/shots/seq_008_09.png
[10:09:23] CAPTURE: saved /company/outputs/swift-arrival-independent-20260828T095848Z/review-target/shots/seq_009_10.png
[10:09:29] CAPTURE: saved /company/outputs/swift-arrival-independent-20260828T095848Z/review-target/shots/seq_010_11.png
[10:09:34] CAPTURE: saved /company/outputs/swift-arrival-independent-20260828T095848Z/review-target/shots/seq_011_12.png
[10:09:39] CAPTURE: saved /company/outputs/swift-arrival-independent-20260828T095848Z/review-target/shots/seq_012_13.png
[10:09:44] CAPTURE: saved /company/outputs/swift-arrival-independent-20260828T095848Z/review-target/shots/seq_013_14.png
[10:09:49] CAPTURE: saved /company/outputs/swift-arrival-independent-20260828T095848Z/review-target/shots/seq_014_15.png
[10:09:54] CAPTURE: saved /company/outputs/swift-arrival-independent-20260828T095848Z/review-target/shots/seq_015_16.png
[10:09:59] CAPTURE: saved /company/outputs/swift-arrival-independent-20260828T095848Z/review-target/shots/seq_016_17.png
[10:10:04] CAPTURE: saved /company/outputs/swift-arrival-independent-20260828T095848Z/review-target/shots/seq_017_18.png
[10:10:09] CAPTURE: saved /company/outputs/swift-arrival-independent-20260828T095848Z/review-target/shots/seq_018_19.png
[10:10:14] CAPTURE: saved /company/outputs/swift-arrival-independent-20260828T095848Z/review-target/shots/seq_019_20.png
[10:10:19] CAPTURE: saved /company/outputs/swift-arrival-independent-20260828T095848Z/review-target/shots/seq_020_21.png
[10:10:24] CAPTURE: saved /company/outputs/swift-arrival-independent-20260828T095848Z/review-target/shots/seq_021_22.png
[10:10:29] CAPTURE: saved /company/outputs/swift-arrival-independent-20260828T095848Z/review-target/shots/seq_022_23.png
[10:10:34] CAPTURE: saved /company/outputs/swift-arrival-independent-20260828T095848Z/review-target/shots/seq_023_24.png
[10:10:39] CAPTURE: saved /company/outputs/swift-arrival-independent-20260828T095848Z/review-target/shots/seq_024_25.png
[10:10:44] CAPTURE: saved /company/outputs/swift-arrival-independent-20260828T095848Z/review-target/shots/seq_025_26.png
[10:10:49] CAPTURE: saved /company/outputs/swift-arrival-independent-20260828T095848Z/review-target/shots/seq_026_27.png
[10:10:54] CAPTURE: saved /company/outputs/swift-arrival-independent-20260828T095848Z/review-target/shots/seq_027_28.png
[10:10:59] CAPTURE: saved /company/outputs/swift-arrival-independent-20260828T095848Z/review-target/shots/seq_028_29.png
[10:11:04] CAPTURE: saved /company/outputs/swift-arrival-independent-20260828T095848Z/review-target/shots/seq_029_30.png
[10:11:09] CAPTURE: saved /company/outputs/swift-arrival-independent-20260828T095848Z/review-target/shots/seq_030_31.png
[10:11:14] CAPTURE: saved /company/outputs/swift-arrival-independent-20260828T095848Z/review-target/shots/seq_031_32.png
[10:11:19] CAPTURE: saved /company/outputs/swift-arrival-independent-20260828T095848Z/review-target/shots/seq_032_33.png
[10:11:24] CAPTURE: saved /company/outputs/swift-arrival-independent-20260828T095848Z/review-target/shots/seq_033_34.png
