Godot Engine v4.7.2.stable.official.ed1daf0bf - https://godotengine.org
WARNING: Your video card drivers seem not to support the required Vulkan version, switching to OpenGL 3.
     at: DisplayServerX11 (platform/linuxbsd/x11/display_server_x11.cpp:7124)
WARNING: Could not set V-Sync mode, as changing V-Sync mode is not supported by the graphics driver.
     at: set_use_vsync (platform/linuxbsd/x11/gl_manager_x11.cpp:372)
OpenGL API 4.5 (Core Profile) Mesa 22.3.6 - Compatibility - Using Device: Mesa/X.org - llvmpipe (LLVM 15.0.6, 128 bits)
ALSA lib confmisc.c:855:(parse_card) cannot find card '0'
ALSA lib conf.c:5180:(_snd_config_evaluate) function snd_func_card_inum returned error: No such file or directory
ALSA lib confmisc.c:422:(snd_func_concat) error evaluating strings
ALSA lib conf.c:5180:(_snd_config_evaluate) function snd_func_concat returned error: No such file or directory
ALSA lib confmisc.c:1334:(snd_func_refer) error evaluating name
ALSA lib conf.c:5180:(_snd_config_evaluate) function snd_func_refer returned error: No such file or directory
ALSA lib conf.c:5703:(snd_config_expand) Evaluate error: No such file or directory
ALSA lib pcm.c:2666:(snd_pcm_open_noupdate) Unknown PCM default
ERROR: Condition "status < 0" is true. Returning: ERR_CANT_OPEN
   at: init_output_device (drivers/alsa/audio_driver_alsa.cpp:97)
WARNING: All audio drivers failed, falling back to the dummy driver.
     at: initialize (servers/audio/audio_server.cpp:258)

[10:08:22] ENet: server listening on 127.0.0.1:24565 — HOST is peer 1
[10:08:27] CAPTURE: saved /company/outputs/swift-arrival-independent-20260828T095848Z/review-target/shots/seq_000.png
[10:08:32] CAPTURE: saved /company/outputs/swift-arrival-independent-20260828T095848Z/review-target/shots/seq_001.png
[10:08:34] ENet: peer_connected id=1373654529 (transport-level connection evidence)
[10:08:34] HOST: sent authoritative world state to new peer 1373654529
[10:08:37] CAPTURE: saved /company/outputs/swift-arrival-independent-20260828T095848Z/review-target/shots/seq_002.png
[10:08:42] CAPTURE: saved /company/outputs/swift-arrival-independent-20260828T095848Z/review-target/shots/seq_003.png
[10:08:47] CAPTURE: saved /company/outputs/swift-arrival-independent-20260828T095848Z/review-target/shots/seq_004.png
[10:08:52] CAPTURE: saved /company/outputs/swift-arrival-independent-20260828T095848Z/review-target/shots/seq_005.png
[10:08:57] CAPTURE: saved /company/outputs/swift-arrival-independent-20260828T095848Z/review-target/shots/seq_006.png
[10:09:02] CAPTURE: saved /company/outputs/swift-arrival-independent-20260828T095848Z/review-target/shots/seq_007.png
[10:09:08] CAPTURE: saved /company/outputs/swift-arrival-independent-20260828T095848Z/review-target/shots/seq_008.png
[10:09:13] CAPTURE: saved /company/outputs/swift-arrival-independent-20260828T095848Z/review-target/shots/seq_009.png
[10:09:18] CAPTURE: saved /company/outputs/swift-arrival-independent-20260828T095848Z/review-target/shots/seq_010.png
[10:09:23] CAPTURE: saved /company/outputs/swift-arrival-independent-20260828T095848Z/review-target/shots/seq_011.png
[10:09:28] CAPTURE: saved /company/outputs/swift-arrival-independent-20260828T095848Z/review-target/shots/seq_012.png
[10:09:33] CAPTURE: saved /company/outputs/swift-arrival-independent-20260828T095848Z/review-target/shots/seq_013.png
[10:09:38] CAPTURE: saved /company/outputs/swift-arrival-independent-20260828T095848Z/review-target/shots/seq_014.png
[10:09:43] CAPTURE: saved /company/outputs/swift-arrival-independent-20260828T095848Z/review-target/shots/seq_015.png
[10:09:48] CAPTURE: saved /company/outputs/swift-arrival-independent-20260828T095848Z/review-target/shots/seq_016.png
[10:09:53] CAPTURE: saved /company/outputs/swift-arrival-independent-20260828T095848Z/review-target/shots/seq_017.png
[10:09:58] CAPTURE: saved /company/outputs/swift-arrival-independent-20260828T095848Z/review-target/shots/seq_018.png
[10:10:03] CAPTURE: saved /company/outputs/swift-arrival-independent-20260828T095848Z/review-target/shots/seq_019.png
[10:10:08] CAPTURE: saved /company/outputs/swift-arrival-independent-20260828T095848Z/review-target/shots/seq_020.png
[10:10:13] CAPTURE: saved /company/outputs/swift-arrival-independent-20260828T095848Z/review-target/shots/seq_021.png
[10:10:18] CAPTURE: saved /company/outputs/swift-arrival-independent-20260828T095848Z/review-target/shots/seq_022.png
[10:10:23] CAPTURE: saved /company/outputs/swift-arrival-independent-20260828T095848Z/review-target/shots/seq_023.png
[10:10:28] CAPTURE: saved /company/outputs/swift-arrival-independent-20260828T095848Z/review-target/shots/seq_024.png
[10:10:33] CAPTURE: saved /company/outputs/swift-arrival-independent-20260828T095848Z/review-target/shots/seq_025.png
[10:10:38] CAPTURE: saved /company/outputs/swift-arrival-independent-20260828T095848Z/review-target/shots/seq_026.png
[10:10:43] CAPTURE: saved /company/outputs/swift-arrival-independent-20260828T095848Z/review-target/shots/seq_027.png
[10:10:48] CAPTURE: saved /company/outputs/swift-arrival-independent-20260828T095848Z/review-target/shots/seq_028.png
[10:10:53] CAPTURE: saved /company/outputs/swift-arrival-independent-20260828T095848Z/review-target/shots/seq_029.png
[10:10:58] CAPTURE: saved /company/outputs/swift-arrival-independent-20260828T095848Z/review-target/shots/seq_030.png
[10:11:03] CAPTURE: saved /company/outputs/swift-arrival-independent-20260828T095848Z/review-target/shots/seq_031.png
[10:11:08] CAPTURE: saved /company/outputs/swift-arrival-independent-20260828T095848Z/review-target/shots/seq_032.png
[10:11:13] CAPTURE: saved /company/outputs/swift-arrival-independent-20260828T095848Z/review-target/shots/seq_033.png
[10:11:18] CAPTURE: saved /company/outputs/swift-arrival-independent-20260828T095848Z/review-target/shots/seq_034.png
[10:11:23] CAPTURE: saved /company/outputs/swift-arrival-independent-20260828T095848Z/review-target/shots/seq_035.png
