Godot Engine v4.7.2.stable.official.ed1daf0bf - https://godotengine.org

[11:31:57] ENet: server listening on 127.0.0.1:24565 — HOST is peer 1
[11:31:59] ENet: peer_connected id=1509552472 (transport-level connection evidence)
[11:31:59] HOST: sent authoritative world state to new peer 1509552472
[11:31:59] HOST: RESOLVED grab by peer 1509552472 (crate now held)
[11:32:00] HOST: peer 1509552472 occupies DRIVER position
[11:32:01] HOST: received drive input from driver 1509552472
[11:32:01] MISSION: loaded truck journey started by peer 1509552472
[11:32:04] TRUCK: route position z=10.0 (bounded 0..40)
[11:32:07] TRUCK: route position z=20.0 (bounded 0..40)
[11:32:11] TRUCK: route position z=30.0 (bounded 0..40)
[11:32:14] MISSION: loaded truck reached route end; valid driver exit now required
[11:32:14] TRUCK: route position z=40.0 (bounded 0..40)
[11:32:14] MISSION: loaded journey advanced through valid route-end seat exit by peer 1509552472
[11:32:14] HOST: peer 1509552472 left driver position at rear cargo threshold
[11:32:15] HOST: corrected peer 1509552472 movement — teleport (3.14m horizontal, 0.00m vertical)
[11:32:18] HOST: RESOLVED unload by peer 1509552472 — crate at world (0.0, 0.405, 34.96214)
[11:32:18] MISSION: HOST completed delivery #1 (loaded drive + route-end exit + zone unload) — broadcasting
[11:32:18] FEEDBACK[ok]: DELIVERY COMPLETED — loaded route and destination unload verified
[11:32:18] PROBE(host): observed host-authoritative DELIVERY COMPLETED
[11:32:18] PROBE(host): received client signal 'positive_done'
[11:32:18] PROBE RESULT: PASS — positive path: full delivery loop observed host-authoritatively
[11:32:19] PROBE: exiting (exit code 0)
[11:32:19] ENet: server disconnected
[11:32:19] PROBE: exiting (exit code 0)
