Godot Engine v4.7.2.stable.official.ed1daf0bf - https://godotengine.org

[11:31:59] ENet: client connecting to 127.0.0.1:24565 ...
[11:31:59] ENet: CONNECTED to host as CLIENT peer 1509552472
[11:31:59] ENet: peer_connected id=1 (transport-level connection evidence)
[11:31:59] PROBE(client): joined host session; running scripted delivery
[11:31:59] PROBE(client): requested crate pickup via hand interaction
[11:31:59] FEEDBACK[ok]: Picked up the crate (E unload in zone · Q drop)
[11:32:00] PROBE(client): requested driver position (walked cargo->cab through doorway)
[11:32:00] FEEDBACK[info]: SEATED — W/S drive · E exits at the rear cargo threshold
[11:32:01] PROBE(client): in driver seat, still holding crate
[11:32:14] PROBE(client): host confirmed loaded truck at route end z=40.0
[11:32:14] PROBE(client): left driver seat, carrying crate out of the truck to unload
[11:32:14] HOST corrected your position (exited at rear cargo threshold)
[11:32:14] FEEDBACK[info]: EXITED AT DESTINATION — unload the crate in the yellow zone
[11:32:15] HOST corrected your position (teleport (3.14m horizontal, 0.00m vertical))
[11:32:18] PROBE(client): requested UNLOAD in the destination zone
[11:32:18] FEEDBACK[ok]: Unloaded the crate in the destination zone
[11:32:18] FEEDBACK[ok]: DELIVERY COMPLETED — loaded route and destination unload verified
[11:32:18] MISSION: DELIVERY COMPLETED (host-authoritative) — visible on this client (peer 1509552472)
[11:32:18] PROBE RESULT: PASS — positive delivery loop completed and visible on the client
[11:32:19] PROBE: exiting (exit code 0)
[11:32:19] ENet: server disconnected
[11:32:19] PROBE: exiting (exit code 0)
