Godot Engine v4.7.2.stable.official.ed1daf0bf - https://godotengine.org
WARNING: Your video card drivers seem not to support the required Vulkan version, switching to OpenGL 3.
     at: DisplayServerX11 (platform/linuxbsd/x11/display_server_x11.cpp:7124)
WARNING: Could not set V-Sync mode, as changing V-Sync mode is not supported by the graphics driver.
     at: set_use_vsync (platform/linuxbsd/x11/gl_manager_x11.cpp:372)
OpenGL API 4.5 (Core Profile) Mesa 22.3.6 - Compatibility - Using Device: Mesa/X.org - llvmpipe (LLVM 15.0.6, 128 bits)
ALSA lib confmisc.c:855:(parse_card) cannot find card '0'
ALSA lib conf.c:5180:(_snd_config_evaluate) function snd_func_card_inum returned error: No such file or directory
ALSA lib confmisc.c:422:(snd_func_concat) error evaluating strings
ALSA lib conf.c:5180:(_snd_config_evaluate) function snd_func_concat returned error: No such file or directory
ALSA lib confmisc.c:1334:(snd_func_refer) error evaluating name
ALSA lib conf.c:5180:(_snd_config_evaluate) function snd_func_refer returned error: No such file or directory
ALSA lib conf.c:5703:(snd_config_expand) Evaluate error: No such file or directory
ALSA lib pcm.c:2666:(snd_pcm_open_noupdate) Unknown PCM default
ERROR: Condition "status < 0" is true. Returning: ERR_CANT_OPEN
   at: init_output_device (drivers/alsa/audio_driver_alsa.cpp:97)
WARNING: All audio drivers failed, falling back to the dummy driver.
     at: initialize (servers/audio/audio_server.cpp:258)

[09:58:59] ENet: server listening on 127.0.0.1:24565 — HOST is peer 1
[09:59:04] CAPTURE: saved /company/outputs/swift-arrival-independent-20260828T095848Z/native/shots/seq_000.png
[09:59:09] CAPTURE: saved /company/outputs/swift-arrival-independent-20260828T095848Z/native/shots/seq_001.png
[09:59:14] CAPTURE: saved /company/outputs/swift-arrival-independent-20260828T095848Z/native/shots/seq_002.png
[09:59:15] ENet: peer_connected id=1593098264 (transport-level connection evidence)
[09:59:15] HOST: sent authoritative world state to new peer 1593098264
[09:59:19] CAPTURE: saved /company/outputs/swift-arrival-independent-20260828T095848Z/native/shots/seq_003.png
[09:59:24] CAPTURE: saved /company/outputs/swift-arrival-independent-20260828T095848Z/native/shots/seq_004.png
[09:59:29] CAPTURE: saved /company/outputs/swift-arrival-independent-20260828T095848Z/native/shots/seq_005.png
[09:59:34] CAPTURE: saved /company/outputs/swift-arrival-independent-20260828T095848Z/native/shots/seq_006.png
[09:59:39] CAPTURE: saved /company/outputs/swift-arrival-independent-20260828T095848Z/native/shots/seq_007.png
[09:59:41] HOST: RESOLVED grab by peer 1593098264 (crate now held)
[09:59:44] CAPTURE: saved /company/outputs/swift-arrival-independent-20260828T095848Z/native/shots/seq_008.png
[09:59:49] CAPTURE: saved /company/outputs/swift-arrival-independent-20260828T095848Z/native/shots/seq_009.png
[09:59:54] CAPTURE: saved /company/outputs/swift-arrival-independent-20260828T095848Z/native/shots/seq_010.png
[09:59:56] HOST: RESOLVED drop by peer 1593098264 — crate at (-0.0, 0.65, -2.15) (recoverable)
[09:59:56] MISSION: crate NOT in destination zone — delivery not completed
[09:59:59] CAPTURE: saved /company/outputs/swift-arrival-independent-20260828T095848Z/native/shots/seq_011.png
[10:00:04] CAPTURE: saved /company/outputs/swift-arrival-independent-20260828T095848Z/native/shots/seq_012.png
[10:00:07] HOST: RESOLVED grab by peer 1593098264 (crate now held)
[10:00:09] CAPTURE: saved /company/outputs/swift-arrival-independent-20260828T095848Z/native/shots/seq_013.png
[10:00:14] CAPTURE: saved /company/outputs/swift-arrival-independent-20260828T095848Z/native/shots/seq_014.png
[10:00:19] CAPTURE: saved /company/outputs/swift-arrival-independent-20260828T095848Z/native/shots/seq_015.png
[10:00:24] CAPTURE: saved /company/outputs/swift-arrival-independent-20260828T095848Z/native/shots/seq_016.png
[10:00:29] CAPTURE: saved /company/outputs/swift-arrival-independent-20260828T095848Z/native/shots/seq_017.png
[10:00:34] CAPTURE: saved /company/outputs/swift-arrival-independent-20260828T095848Z/native/shots/seq_018.png
[10:00:39] CAPTURE: saved /company/outputs/swift-arrival-independent-20260828T095848Z/native/shots/seq_019.png
[10:00:44] CAPTURE: saved /company/outputs/swift-arrival-independent-20260828T095848Z/native/shots/seq_020.png
[10:00:49] CAPTURE: saved /company/outputs/swift-arrival-independent-20260828T095848Z/native/shots/seq_021.png
[10:00:52] HOST: peer 1593098264 occupies DRIVER position
[10:00:54] CAPTURE: saved /company/outputs/swift-arrival-independent-20260828T095848Z/native/shots/seq_022.png
[10:00:59] CAPTURE: saved /company/outputs/swift-arrival-independent-20260828T095848Z/native/shots/seq_023.png
[10:01:04] CAPTURE: saved /company/outputs/swift-arrival-independent-20260828T095848Z/native/shots/seq_024.png
[10:01:07] HOST: received drive input from driver 1593098264
[10:01:09] CAPTURE: saved /company/outputs/swift-arrival-independent-20260828T095848Z/native/shots/seq_025.png
[10:01:10] TRUCK: route position z=10.0 (bounded 0..40)
[10:01:14] TRUCK: route position z=20.0 (bounded 0..40)
[10:01:14] CAPTURE: saved /company/outputs/swift-arrival-independent-20260828T095848Z/native/shots/seq_026.png
[10:01:17] TRUCK: route position z=30.0 (bounded 0..40)
[10:01:19] CAPTURE: saved /company/outputs/swift-arrival-independent-20260828T095848Z/native/shots/seq_027.png
[10:01:24] CAPTURE: saved /company/outputs/swift-arrival-independent-20260828T095848Z/native/shots/seq_028.png
[10:01:29] CAPTURE: saved /company/outputs/swift-arrival-independent-20260828T095848Z/native/shots/seq_029.png
[10:01:33] TRUCK: route position z=40.0 (bounded 0..40)
[10:01:34] CAPTURE: saved /company/outputs/swift-arrival-independent-20260828T095848Z/native/shots/seq_030.png
[10:01:39] CAPTURE: saved /company/outputs/swift-arrival-independent-20260828T095848Z/native/shots/seq_031.png
[10:01:44] CAPTURE: saved /company/outputs/swift-arrival-independent-20260828T095848Z/native/shots/seq_032.png
[10:01:44] HOST: peer 1593098264 left driver position at rear cargo threshold
[10:01:49] CAPTURE: saved /company/outputs/swift-arrival-independent-20260828T095848Z/native/shots/seq_033.png
[10:01:54] CAPTURE: saved /company/outputs/swift-arrival-independent-20260828T095848Z/native/shots/seq_034.png
[10:01:59] CAPTURE: saved /company/outputs/swift-arrival-independent-20260828T095848Z/native/shots/seq_035.png
[10:02:04] CAPTURE: saved /company/outputs/swift-arrival-independent-20260828T095848Z/native/shots/seq_036.png
[10:02:09] HOST: RESOLVED unload by peer 1593098264 — crate at world (-0.0, 0.405, 35.31048)
[10:02:09] MISSION: HOST completed delivery #1 (crate unloaded in destination zone) — broadcasting
[10:02:09] FEEDBACK[ok]: DELIVERY COMPLETED — crate rests in the destination zone
[10:02:09] CAPTURE: saved /company/outputs/swift-arrival-independent-20260828T095848Z/native/shots/ev_delivered.png
[10:02:09] CAPTURE: saved /company/outputs/swift-arrival-independent-20260828T095848Z/native/shots/seq_037.png
[10:02:14] CAPTURE: saved /company/outputs/swift-arrival-independent-20260828T095848Z/native/shots/seq_038.png
[10:02:19] CAPTURE: saved /company/outputs/swift-arrival-independent-20260828T095848Z/native/shots/seq_039.png
[10:02:24] CAPTURE: saved /company/outputs/swift-arrival-independent-20260828T095848Z/native/shots/seq_040.png
[10:02:29] CAPTURE: saved /company/outputs/swift-arrival-independent-20260828T095848Z/native/shots/seq_041.png
[10:02:34] CAPTURE: saved /company/outputs/swift-arrival-independent-20260828T095848Z/native/shots/seq_042.png
[10:02:39] CAPTURE: saved /company/outputs/swift-arrival-independent-20260828T095848Z/native/shots/seq_043.png
[10:02:44] CAPTURE: saved /company/outputs/swift-arrival-independent-20260828T095848Z/native/shots/seq_044.png
[10:02:49] CAPTURE: saved /company/outputs/swift-arrival-independent-20260828T095848Z/native/shots/seq_045.png
[10:02:54] CAPTURE: saved /company/outputs/swift-arrival-independent-20260828T095848Z/native/shots/seq_046.png
[10:02:59] CAPTURE: saved /company/outputs/swift-arrival-independent-20260828T095848Z/native/shots/seq_047.png
[10:03:04] CAPTURE: saved /company/outputs/swift-arrival-independent-20260828T095848Z/native/shots/seq_048.png
[10:03:09] CAPTURE: saved /company/outputs/swift-arrival-independent-20260828T095848Z/native/shots/seq_049.png
