Godot Engine v4.7.2.stable.official.ed1daf0bf - https://godotengine.org
WARNING: Your video card drivers seem not to support the required Vulkan version, switching to OpenGL 3.
     at: DisplayServerX11 (platform/linuxbsd/x11/display_server_x11.cpp:7124)
WARNING: Could not set V-Sync mode, as changing V-Sync mode is not supported by the graphics driver.
     at: set_use_vsync (platform/linuxbsd/x11/gl_manager_x11.cpp:372)
OpenGL API 4.5 (Core Profile) Mesa 22.3.6 - Compatibility - Using Device: Mesa/X.org - llvmpipe (LLVM 15.0.6, 128 bits)
ALSA lib confmisc.c:855:(parse_card) cannot find card '0'
ALSA lib conf.c:5180:(_snd_config_evaluate) function snd_func_card_inum returned error: No such file or directory
ALSA lib confmisc.c:422:(snd_func_concat) error evaluating strings
ALSA lib conf.c:5180:(_snd_config_evaluate) function snd_func_concat returned error: No such file or directory
ALSA lib confmisc.c:1334:(snd_func_refer) error evaluating name
ALSA lib conf.c:5180:(_snd_config_evaluate) function snd_func_refer returned error: No such file or directory
ALSA lib conf.c:5703:(snd_config_expand) Evaluate error: No such file or directory
ALSA lib pcm.c:2666:(snd_pcm_open_noupdate) Unknown PCM default
ERROR: Condition "status < 0" is true. Returning: ERR_CANT_OPEN
   at: init_output_device (drivers/alsa/audio_driver_alsa.cpp:97)
WARNING: All audio drivers failed, falling back to the dummy driver.
     at: initialize (servers/audio/audio_server.cpp:258)

[11:40:57] ENet: server listening on 127.0.0.1:24565 — HOST is peer 1
[11:40:59] ENet: peer_connected id=1459479691 (transport-level connection evidence)
[11:40:59] HOST: sent authoritative world state to new peer 1459479691
[11:41:02] CAPTURE: saved /company/outputs/swift-arrival-independent-journey-r1-20260828T1140Z/native-bypass-recovery/shots/seq_000.png
[11:41:02] HOST: RESOLVED grab by peer 1459479691 (crate now held)
[11:41:03] HOST: RESOLVED drop by peer 1459479691 — crate at (-0.0, 0.65, -2.15) (recoverable)
[11:41:04] HOST: RESOLVED grab by peer 1459479691 (crate now held)
[11:41:07] CAPTURE: saved /company/outputs/swift-arrival-independent-journey-r1-20260828T1140Z/native-bypass-recovery/shots/seq_001.png
[11:41:12] CAPTURE: saved /company/outputs/swift-arrival-independent-journey-r1-20260828T1140Z/native-bypass-recovery/shots/seq_002.png
[11:41:17] CAPTURE: saved /company/outputs/swift-arrival-independent-journey-r1-20260828T1140Z/native-bypass-recovery/shots/seq_003.png
[11:41:22] CAPTURE: saved /company/outputs/swift-arrival-independent-journey-r1-20260828T1140Z/native-bypass-recovery/shots/seq_004.png
[11:41:26] HOST: REJECTED unload from 1459479691 (truck journey incomplete: stage=0 route=0.0)
[11:41:27] CAPTURE: saved /company/outputs/swift-arrival-independent-journey-r1-20260828T1140Z/native-bypass-recovery/shots/seq_005.png
