Godot Engine v4.7.2.stable.official.ed1daf0bf - https://godotengine.org

[11:24:31] ENet: client connecting to 127.0.0.1:24565 ...
[11:24:31] ENet: CONNECTED to host as CLIENT peer 2128511393
[11:24:31] ENet: peer_connected id=1 (transport-level connection evidence)
[11:24:31] PROBE(client): joined host session; running scripted delivery
[11:24:31] PROBE(client): requested crate pickup via hand interaction
[11:24:31] FEEDBACK[ok]: Picked up the crate (E unload in zone · Q drop)
[11:24:32] PROBE(client): requested driver position (walked cargo->cab through doorway)
[11:24:32] FEEDBACK[info]: SEATED — W/S drive · E exits at the rear cargo threshold
[11:24:32] PROBE(client): in driver seat, still holding crate
[11:24:46] PROBE(client): host confirmed loaded truck at route end z=40.0
[11:24:46] PROBE(client): left driver seat, carrying crate out of the truck to unload
[11:24:46] HOST corrected your position (exited at rear cargo threshold)
[11:24:46] FEEDBACK[info]: EXITED AT DESTINATION — unload the crate in the yellow zone
[11:24:47] HOST corrected your position (teleport (3.04m horizontal, 0.00m vertical))
[11:24:50] PROBE(client): requested UNLOAD in the destination zone
[11:24:50] FEEDBACK[ok]: Unloaded the crate in the destination zone
[11:24:50] FEEDBACK[ok]: DELIVERY COMPLETED — loaded route and destination unload verified
[11:24:50] MISSION: DELIVERY COMPLETED (host-authoritative) — visible on this client (peer 2128511393)
[11:24:50] PROBE RESULT: PASS — positive delivery loop completed and visible on the client
[11:24:51] ENet: peer_disconnected id=1
[11:24:51] ENet: server disconnected
[11:24:51] PROBE RESULT: PASS (clean shutdown observed after local PASS)
[11:24:51] PROBE: exiting (exit code 0)
[11:24:51] PROBE: exiting (exit code 0)
