Godot Engine v4.7.2.stable.official.ed1daf0bf - https://godotengine.org
WARNING: Your video card drivers seem not to support the required Vulkan version, switching to OpenGL 3.
     at: DisplayServerX11 (platform/linuxbsd/x11/display_server_x11.cpp:7124)
WARNING: Could not set V-Sync mode, as changing V-Sync mode is not supported by the graphics driver.
     at: set_use_vsync (platform/linuxbsd/x11/gl_manager_x11.cpp:372)
OpenGL API 4.5 (Core Profile) Mesa 22.3.6 - Compatibility - Using Device: Mesa/X.org - llvmpipe (LLVM 15.0.6, 128 bits)
ALSA lib confmisc.c:855:(parse_card) cannot find card '0'
ALSA lib conf.c:5180:(_snd_config_evaluate) function snd_func_card_inum returned error: No such file or directory
ALSA lib confmisc.c:422:(snd_func_concat) error evaluating strings
ALSA lib conf.c:5180:(_snd_config_evaluate) function snd_func_concat returned error: No such file or directory
ALSA lib confmisc.c:1334:(snd_func_refer) error evaluating name
ALSA lib conf.c:5180:(_snd_config_evaluate) function snd_func_refer returned error: No such file or directory
ALSA lib conf.c:5703:(snd_config_expand) Evaluate error: No such file or directory
ALSA lib pcm.c:2666:(snd_pcm_open_noupdate) Unknown PCM default
ERROR: Condition "status < 0" is true. Returning: ERR_CANT_OPEN
   at: init_output_device (drivers/alsa/audio_driver_alsa.cpp:97)
WARNING: All audio drivers failed, falling back to the dummy driver.
     at: initialize (servers/audio/audio_server.cpp:258)

[15:21:19] ENet: server listening on 127.0.0.1:24565 — HOST is peer 1
[15:21:22] ENet: peer_connected id=73192194 (transport-level connection evidence)
[15:21:22] HOST: sent authoritative world state to new peer 73192194
[15:21:25] CAPTURE: saved /company/outputs/swift-arrival-r15-final-independent-b8e3161f/route-zero/shots/seq_000.png
[15:21:25] HOST: RESOLVED grab by peer 73192194 (crate now held)
[15:21:30] CAPTURE: saved /company/outputs/swift-arrival-r15-final-independent-b8e3161f/route-zero/shots/seq_001.png
[15:21:35] CAPTURE: saved /company/outputs/swift-arrival-r15-final-independent-b8e3161f/route-zero/shots/seq_002.png
[15:21:40] CAPTURE: saved /company/outputs/swift-arrival-r15-final-independent-b8e3161f/route-zero/shots/seq_003.png
[15:21:45] CAPTURE: saved /company/outputs/swift-arrival-r15-final-independent-b8e3161f/route-zero/shots/seq_004.png
[15:21:47] HOST: REJECTED unload from 73192194 (truck journey incomplete: stage=0 route=0.0)
[15:21:50] CAPTURE: saved /company/outputs/swift-arrival-r15-final-independent-b8e3161f/route-zero/shots/seq_005.png
