Godot Engine v4.7.2.stable.official.ed1daf0bf - https://godotengine.org

[15:14:07] ENet: client connecting to 127.0.0.1:24565 ...
[15:14:07] ENet: CONNECTED to host as CLIENT peer 1811736946
[15:14:07] ENet: peer_connected id=1 (transport-level connection evidence)
[15:14:07] PROBE(client): joined host session; running scripted delivery
[15:14:07] PROBE(client): requested crate pickup via hand interaction
[15:14:07] FEEDBACK[ok]: Picked up the crate (E unload in zone · Q drop)
[15:14:09] PROBE(client): requested driver position (walked cargo->cab through doorway)
[15:14:09] FEEDBACK[info]: SEATED — W/S drive · E exits at the rear cargo threshold
[15:14:09] PROBE(client): in driver seat, still holding crate
[15:14:23] PROBE(client): host confirmed loaded truck at exact route end z=40.00
[15:14:23] PROBE(client): left driver seat, carrying crate out of the truck to unload
[15:14:23] HOST corrected your position (exited at rear cargo threshold)
[15:14:23] FEEDBACK[info]: EXITED AT DESTINATION — unload the crate in the yellow zone
[15:14:24] HOST corrected your position (teleport (3.13m horizontal, 0.00m vertical))
[15:14:27] PROBE(client): requested UNLOAD in the destination zone
[15:14:27] FEEDBACK[ok]: Unloaded the crate in the destination zone
[15:14:27] FEEDBACK[ok]: DELIVERY COMPLETED — loaded route and destination unload verified
[15:14:27] MISSION: DELIVERY COMPLETED (host-authoritative) — visible on this client (peer 1811736946)
[15:14:27] PROBE RESULT: PASS — positive delivery loop completed and visible on the client
[15:14:28] PROBE: exiting (exit code 0)
[15:14:28] ENet: server disconnected
[15:14:28] PROBE: exiting (exit code 0)
