Godot Engine v4.7.2.stable.official.ed1daf0bf - https://godotengine.org

[15:14:05] ENet: server listening on 127.0.0.1:24565 — HOST is peer 1
[15:14:07] ENet: peer_connected id=1811736946 (transport-level connection evidence)
[15:14:07] HOST: sent authoritative world state to new peer 1811736946
[15:14:07] HOST: RESOLVED grab by peer 1811736946 (crate now held)
[15:14:09] HOST: peer 1811736946 occupies DRIVER position
[15:14:09] HOST: received drive input from driver 1811736946
[15:14:09] MISSION: loaded truck journey started by peer 1811736946
[15:14:13] TRUCK: route position z=10.0 (bounded 0..40)
[15:14:16] TRUCK: route position z=20.0 (bounded 0..40)
[15:14:19] TRUCK: route position z=30.0 (bounded 0..40)
[15:14:23] MISSION: loaded truck reached exact route end; valid driver exit now required
[15:14:23] TRUCK: route position z=40.0 (bounded 0..40)
[15:14:23] MISSION: loaded journey advanced through valid route-end seat exit by peer 1811736946
[15:14:23] HOST: peer 1811736946 left driver position at rear cargo threshold
[15:14:24] HOST: corrected peer 1811736946 movement — teleport (3.13m horizontal, 0.00m vertical)
[15:14:27] HOST: RESOLVED unload by peer 1811736946 — crate at world (0.0, 0.405, 34.73114)
[15:14:27] MISSION: HOST completed delivery #1 (loaded drive + route-end exit + zone unload) — broadcasting
[15:14:27] FEEDBACK[ok]: DELIVERY COMPLETED — loaded route and destination unload verified
[15:14:27] PROBE(host): observed host-authoritative DELIVERY COMPLETED
[15:14:27] PROBE(host): received client signal 'positive_done'
[15:14:27] PROBE RESULT: PASS — positive path: full delivery loop observed host-authoritatively
[15:14:28] ENet: peer_disconnected id=1811736946
[15:14:28] PROBE: exiting (exit code 0)
[15:14:28] ENet: server disconnected
[15:14:28] PROBE: exiting (exit code 0)
