Godot Engine v4.7.2.stable.official.ed1daf0bf - https://godotengine.org

[15:14:50] ENet: server listening on 127.0.0.1:24565 — HOST is peer 1
[15:14:52] ENet: peer_connected id=1381943075 (transport-level connection evidence)
[15:14:52] HOST: sent authoritative world state to new peer 1381943075
[15:14:52] HOST: RESOLVED grab by peer 1381943075 (crate now held)
[15:14:53] HOST: RESOLVED drop by peer 1381943075 — crate at (0.0, 0.35, -5.859669) (recoverable)
[15:14:53] PROBE(host): crate observed dropped BEHIND the truck at route start (z=-5.86)
[15:14:53] HOST: RESOLVED grab by peer 1381943075 (crate now held)
[15:14:53] PROBE(host): dropped crate RECOVERED by peer 1381943075
[15:14:55] HOST: peer 1381943075 occupies DRIVER position
[15:14:55] HOST: received drive input from driver 1381943075
[15:14:56] MISSION: loaded truck journey started by peer 1381943075
[15:14:59] TRUCK: route position z=10.0 (bounded 0..40)
[15:14:59] PROBE(host,rec): incomplete route exit observed at z=10.15; journey remains recoverable
[15:14:59] HOST: peer 1381943075 left driver position at rear cargo threshold
[15:15:00] HOST: corrected peer 1381943075 movement — teleport (3.05m horizontal, 0.00m vertical)
[15:15:02] PROBE(host,rec): natural driver-seat RE-ENTRY accepted after early exit
[15:15:02] HOST: peer 1381943075 occupies DRIVER position
[15:15:05] TRUCK: route position z=20.0 (bounded 0..40)
[15:15:08] TRUCK: route position z=30.0 (bounded 0..40)
[15:15:12] MISSION: loaded truck reached exact route end; valid driver exit now required
[15:15:12] TRUCK: route position z=40.0 (bounded 0..40)
[15:15:12] MISSION: loaded journey advanced through valid route-end seat exit by peer 1381943075
[15:15:12] HOST: peer 1381943075 left driver position at rear cargo threshold
[15:15:13] HOST: corrected peer 1381943075 movement — teleport (3.13m horizontal, 0.00m vertical)
[15:15:16] HOST: RESOLVED unload by peer 1381943075 — crate at world (-0.0, 0.405, 34.77801)
[15:15:16] MISSION: HOST completed delivery #1 (loaded drive + route-end exit + zone unload) — broadcasting
[15:15:16] FEEDBACK[ok]: DELIVERY COMPLETED — loaded route and destination unload verified
[15:15:16] PROBE(host): observed host-authoritative DELIVERY COMPLETED
[15:15:16] PROBE RESULT: PASS — recovery path: dropped crate recovered; early exit and natural seat re-entry recovered; delivery completed
[15:15:16] PROBE(host): received client signal 'positive_done'
[15:15:17] PROBE: exiting (exit code 0)
[15:15:17] ENet: server disconnected
[15:15:17] PROBE: exiting (exit code 0)
