Godot Engine v4.7.2.stable.official.ed1daf0bf - https://godotengine.org

[15:15:18] ENet: server listening on 127.0.0.1:24565 — HOST is peer 1
[15:15:20] ENet: peer_connected id=2146792067 (transport-level connection evidence)
[15:15:20] HOST: sent authoritative world state to new peer 2146792067
[15:15:20] PROBE(host,mech): client joined; beginning movement-basis assertions
[15:15:20] PROBE(host,mech): strafe test at yaw=0.9 — D must move along camera right (0.62161, 0.0, -0.783327)
[15:15:21] PROBE(host,mech): strafe displacement=(1.421414, 0.0, -1.791209) (len 2.29), dot with camera right=1.000
[15:15:22] PROBE(host,mech): forward displacement=(1.513038, 0.0, 1.651771) (len 2.24), dot with camera forward=1.000
[15:15:23] PROBE(host,mech): pressed into cargo wall while turning for 0.8s (attempted ~2.24m); final |x|=0.828 (wall contact at 0.825)
[15:15:25] PROBE(host,mech): pressed into cargo wall from outside for 0.8s; final x=1.573 (blocked at ~1.58)
[15:15:25] PROBE(host,mech): walked out of the truck rear; now at (0.0, 0.942643, -4.261687) (outside footprint z<-3.70, ground level y~0.87)
[15:15:25] PROBE(host,mech): MECHANICS VERIFIED — view-relative basis + solid collision + exit on foot
[15:15:25] PROBE(host): received client signal 'mechanics_done'
[15:15:25] PROBE RESULT: PASS — mechanics assertions passed (basis, walls both sides, leave on foot)
[15:15:26] PROBE: exiting (exit code 0)
[15:15:26] ENet: server disconnected
[15:15:26] PROBE: exiting (exit code 0)
[15:15:26] PROBE: exiting (exit code 0)
Godot Engine v4.7.2.stable.official.ed1daf0bf - https://godotengine.org

[15:15:27] ENet: server listening on 127.0.0.1:24565 — HOST is peer 1
[15:15:29] ENet: peer_connected id=1758392169 (transport-level connection evidence)
[15:15:29] HOST: sent authoritative world state to new peer 1758392169
[15:15:29] HOST: RESOLVED grab by peer 1758392169 (crate now held)
[15:15:30] HOST: RESOLVED drop by peer 1758392169 — crate at (0.0, 0.35, -5.766558) (recoverable)
[15:15:30] PROBE(host): crate observed dropped BEHIND the truck at route start (z=-5.77)
[15:15:30] HOST: RESOLVED grab by peer 1758392169 (crate now held)
[15:15:30] PROBE(host): dropped crate RECOVERED by peer 1758392169
[15:15:32] HOST: peer 1758392169 occupies DRIVER position
[15:15:32] HOST: received drive input from driver 1758392169
[15:15:32] MISSION: loaded truck journey started by peer 1758392169
[15:15:36] TRUCK: route position z=10.0 (bounded 0..40)
[15:15:36] PROBE(host,rec): incomplete route exit observed at z=10.05; journey remains recoverable
[15:15:36] HOST: peer 1758392169 left driver position at rear cargo threshold
[15:15:37] HOST: corrected peer 1758392169 movement — teleport (3.14m horizontal, 0.00m vertical)
[15:15:39] PROBE(host,rec): natural driver-seat RE-ENTRY accepted after early exit
[15:15:39] HOST: peer 1758392169 occupies DRIVER position
[15:15:42] TRUCK: route position z=20.0 (bounded 0..40)
[15:15:46] TRUCK: route position z=30.0 (bounded 0..40)
[15:15:49] MISSION: loaded truck reached exact route end; valid driver exit now required
[15:15:49] TRUCK: route position z=40.0 (bounded 0..40)
[15:15:49] MISSION: loaded journey advanced through valid route-end seat exit by peer 1758392169
[15:15:49] HOST: peer 1758392169 left driver position at rear cargo threshold
[15:15:50] HOST: corrected peer 1758392169 movement — teleport (3.04m horizontal, 0.00m vertical)
[15:15:53] HOST: RESOLVED unload by peer 1758392169 — crate at world (-0.0, 0.405, 34.77811)
[15:15:53] MISSION: HOST completed delivery #1 (loaded drive + route-end exit + zone unload) — broadcasting
[15:15:53] FEEDBACK[ok]: DELIVERY COMPLETED — loaded route and destination unload verified
[15:15:53] PROBE(host): observed host-authoritative DELIVERY COMPLETED
[15:15:53] PROBE RESULT: PASS — recovery path: dropped crate recovered; early exit and natural seat re-entry recovered; delivery completed
[15:15:53] PROBE(host): received client signal 'positive_done'
[15:15:54] PROBE: exiting (exit code 0)
[15:15:54] ENet: server disconnected
[15:15:54] PROBE: exiting (exit code 0)
