Godot Engine v4.7.2.stable.official.ed1daf0bf - https://godotengine.org

[14:54:17] ENet: client connecting to 127.0.0.1:24565 ...
[14:54:17] ENet: CONNECTED to host as CLIENT peer 1960689383
[14:54:17] ENet: peer_connected id=1 (transport-level connection evidence)
[14:54:17] PROBE(client): joined host session; running scripted delivery
[14:54:17] PROBE(client): requested crate pickup via hand interaction
[14:54:17] FEEDBACK[ok]: Picked up the crate (E unload in zone · Q drop)
[14:54:18] PROBE(client,rec): DROPPED the crate behind the truck at route start
[14:54:18] FEEDBACK[ok]: Dropped the crate — walk up and press E to pick it up again
[14:54:18] PROBE(client,rec): crate at rest behind truck at world z=-5.77
[14:54:18] PROBE(client,rec): requested re-grab of the dropped crate
[14:54:18] FEEDBACK[ok]: Picked up the crate (E unload in zone · Q drop)
[14:54:18] PROBE(client,rec): crate RECOVERED from behind the truck; reboarding to deliver
[14:54:20] PROBE(client): requested driver position (walked cargo->cab through doorway)
[14:54:20] FEEDBACK[info]: SEATED — W/S drive · E exits at the rear cargo threshold
[14:54:20] PROBE(client): in driver seat, still holding crate
[14:54:24] PROBE(client,rec): deliberately requested INCOMPLETE EXIT at route 10.0
[14:54:24] HOST corrected your position (exited at rear cargo threshold)
[14:54:24] FEEDBACK[info]: EXITED EARLY — re-enter the DRIVER seat through the cargo doorway and continue to 40 m
[14:54:24] PROBE(client,rec): early exit resolved at rear; walking naturally through cargo to cab
[14:54:25] HOST corrected your position (teleport (3.19m horizontal, 0.00m vertical))
[14:54:27] PROBE(client,rec): requested natural driver-seat RE-ENTRY after early exit
[14:54:27] FEEDBACK[info]: SEATED — W/S drive · E exits at the rear cargo threshold
[14:54:27] PROBE(client,rec): host accepted natural driver-seat RE-ENTRY; continuing journey
[14:54:37] PROBE(client): host confirmed loaded truck at exact route end z=40.00
[14:54:37] PROBE(client): left driver seat, carrying crate out of the truck to unload
[14:54:37] HOST corrected your position (exited at rear cargo threshold)
[14:54:37] FEEDBACK[info]: EXITED AT DESTINATION — unload the crate in the yellow zone
[14:54:38] HOST corrected your position (teleport (3.14m horizontal, 0.00m vertical))
[14:54:41] PROBE(client): requested UNLOAD in the destination zone
[14:54:41] FEEDBACK[ok]: Unloaded the crate in the destination zone
[14:54:41] FEEDBACK[ok]: DELIVERY COMPLETED — loaded route and destination unload verified
[14:54:41] MISSION: DELIVERY COMPLETED (host-authoritative) — visible on this client (peer 1960689383)
[14:54:41] PROBE RESULT: PASS — positive delivery loop completed and visible on the client
[14:54:42] ENet: peer_disconnected id=1
[14:54:42] ENet: server disconnected
[14:54:42] PROBE RESULT: PASS (clean shutdown observed after local PASS)
[14:54:42] PROBE: exiting (exit code 0)
