Godot Engine v4.7.2.stable.official.ed1daf0bf - https://godotengine.org

[14:53:30] ENet: server listening on 127.0.0.1:24565 — HOST is peer 1
[14:53:32] ENet: peer_connected id=227482423 (transport-level connection evidence)
[14:53:32] HOST: sent authoritative world state to new peer 227482423
[14:53:32] HOST: RESOLVED grab by peer 227482423 (crate now held)
[14:53:34] HOST: peer 227482423 occupies DRIVER position
[14:53:34] HOST: received drive input from driver 227482423
[14:53:34] MISSION: loaded truck journey started by peer 227482423
[14:53:37] TRUCK: route position z=10.0 (bounded 0..40)
[14:53:41] TRUCK: route position z=20.0 (bounded 0..40)
[14:53:44] TRUCK: route position z=30.0 (bounded 0..40)
[14:53:47] MISSION: loaded truck reached exact route end; valid driver exit now required
[14:53:47] TRUCK: route position z=40.0 (bounded 0..40)
[14:53:47] MISSION: loaded journey advanced through valid route-end seat exit by peer 227482423
[14:53:47] HOST: peer 227482423 left driver position at rear cargo threshold
[14:53:49] HOST: corrected peer 227482423 movement — teleport (3.14m horizontal, 0.00m vertical)
[14:53:52] HOST: RESOLVED unload by peer 227482423 — crate at world (-0.0, 0.405, 34.87159)
[14:53:52] MISSION: HOST completed delivery #1 (loaded drive + route-end exit + zone unload) — broadcasting
[14:53:52] FEEDBACK[ok]: DELIVERY COMPLETED — loaded route and destination unload verified
[14:53:52] PROBE(host): observed host-authoritative DELIVERY COMPLETED
[14:53:52] PROBE(host): received client signal 'positive_done'
[14:53:52] PROBE RESULT: PASS — positive path: full delivery loop observed host-authoritatively
[14:53:53] PROBE: exiting (exit code 0)
[14:53:53] ENet: server disconnected
[14:53:53] PROBE: exiting (exit code 0)
