Godot Engine v4.7.2.stable.official.ed1daf0bf - https://godotengine.org

[14:54:45] ENet: client connecting to 127.0.0.1:24565 ...
[14:54:45] ENet: CONNECTED to host as CLIENT peer 952631785
[14:54:45] ENet: peer_connected id=1 (transport-level connection evidence)
[14:54:50] PROBE RESULT: PASS — mechanics assertions passed on host; client observed completion phase
[14:54:51] PROBE: exiting (exit code 0)
[14:54:51] ENet: server disconnected
[14:54:51] PROBE: exiting (exit code 0)
Godot Engine v4.7.2.stable.official.ed1daf0bf - https://godotengine.org

[14:54:54] ENet: client connecting to 127.0.0.1:24565 ...
[14:54:54] ENet: CONNECTED to host as CLIENT peer 216249912
[14:54:54] ENet: peer_connected id=1 (transport-level connection evidence)
[14:54:54] PROBE(client): joined host session; running scripted delivery
[14:54:54] PROBE(client): requested crate pickup via hand interaction
[14:54:54] FEEDBACK[ok]: Picked up the crate (E unload in zone · Q drop)
[14:54:55] PROBE(client,rec): DROPPED the crate behind the truck at route start
[14:54:55] FEEDBACK[ok]: Dropped the crate — walk up and press E to pick it up again
[14:54:55] PROBE(client,rec): crate at rest behind truck at world z=-5.72
[14:54:55] PROBE(client,rec): requested re-grab of the dropped crate
[14:54:55] FEEDBACK[ok]: Picked up the crate (E unload in zone · Q drop)
[14:54:55] PROBE(client,rec): crate RECOVERED from behind the truck; reboarding to deliver
[14:54:58] PROBE(client): requested driver position (walked cargo->cab through doorway)
[14:54:58] FEEDBACK[info]: SEATED — W/S drive · E exits at the rear cargo threshold
[14:54:58] PROBE(client): in driver seat, still holding crate
[14:55:01] PROBE(client,rec): deliberately requested INCOMPLETE EXIT at route 10.1
[14:55:01] HOST corrected your position (exited at rear cargo threshold)
[14:55:01] FEEDBACK[info]: EXITED EARLY — re-enter the DRIVER seat through the cargo doorway and continue to 40 m
[14:55:01] PROBE(client,rec): early exit resolved at rear; walking naturally through cargo to cab
[14:55:02] HOST corrected your position (teleport (3.09m horizontal, 0.00m vertical))
[14:55:04] PROBE(client,rec): requested natural driver-seat RE-ENTRY after early exit
[14:55:04] FEEDBACK[info]: SEATED — W/S drive · E exits at the rear cargo threshold
[14:55:04] PROBE(client,rec): host accepted natural driver-seat RE-ENTRY; continuing journey
[14:55:14] PROBE(client): host confirmed loaded truck at exact route end z=40.00
[14:55:14] PROBE(client): left driver seat, carrying crate out of the truck to unload
[14:55:14] HOST corrected your position (exited at rear cargo threshold)
[14:55:14] FEEDBACK[info]: EXITED AT DESTINATION — unload the crate in the yellow zone
[14:55:15] HOST corrected your position (teleport (3.18m horizontal, 0.00m vertical))
[14:55:19] PROBE(client): requested UNLOAD in the destination zone
[14:55:19] FEEDBACK[ok]: Unloaded the crate in the destination zone
[14:55:19] FEEDBACK[ok]: DELIVERY COMPLETED — loaded route and destination unload verified
[14:55:19] MISSION: DELIVERY COMPLETED (host-authoritative) — visible on this client (peer 216249912)
[14:55:19] PROBE RESULT: PASS — positive delivery loop completed and visible on the client
[14:55:20] ENet: peer_disconnected id=1
[14:55:20] ENet: server disconnected
[14:55:20] PROBE RESULT: PASS (clean shutdown observed after local PASS)
[14:55:20] PROBE: exiting (exit code 0)
