Godot Engine v4.7.2.stable.official.ed1daf0bf - https://godotengine.org

[14:53:32] ENet: client connecting to 127.0.0.1:24565 ...
[14:53:32] ENet: CONNECTED to host as CLIENT peer 227482423
[14:53:32] ENet: peer_connected id=1 (transport-level connection evidence)
[14:53:32] PROBE(client): joined host session; running scripted delivery
[14:53:32] PROBE(client): requested crate pickup via hand interaction
[14:53:32] FEEDBACK[ok]: Picked up the crate (E unload in zone · Q drop)
[14:53:34] PROBE(client): requested driver position (walked cargo->cab through doorway)
[14:53:34] FEEDBACK[info]: SEATED — W/S drive · E exits at the rear cargo threshold
[14:53:34] PROBE(client): in driver seat, still holding crate
[14:53:47] PROBE(client): host confirmed loaded truck at exact route end z=40.00
[14:53:47] PROBE(client): left driver seat, carrying crate out of the truck to unload
[14:53:47] HOST corrected your position (exited at rear cargo threshold)
[14:53:47] FEEDBACK[info]: EXITED AT DESTINATION — unload the crate in the yellow zone
[14:53:49] HOST corrected your position (teleport (3.14m horizontal, 0.00m vertical))
[14:53:52] PROBE(client): requested UNLOAD in the destination zone
[14:53:52] FEEDBACK[ok]: Unloaded the crate in the destination zone
[14:53:52] FEEDBACK[ok]: DELIVERY COMPLETED — loaded route and destination unload verified
[14:53:52] MISSION: DELIVERY COMPLETED (host-authoritative) — visible on this client (peer 227482423)
[14:53:52] PROBE RESULT: PASS — positive delivery loop completed and visible on the client
[14:53:53] ENet: peer_disconnected id=1
[14:53:53] ENet: server disconnected
[14:53:53] PROBE RESULT: PASS (clean shutdown observed after local PASS)
[14:53:53] PROBE: exiting (exit code 0)
[14:53:53] PROBE: exiting (exit code 0)
