Godot Engine v4.7.2.stable.official.ed1daf0bf - https://godotengine.org

[11:41:48] ENet: server listening on 127.0.0.1:24565 — HOST is peer 1
[11:41:50] ENet: peer_connected id=1343419816 (transport-level connection evidence)
[11:41:50] HOST: sent authoritative world state to new peer 1343419816
[11:41:50] PROBE(host,mech): client joined; beginning movement-basis assertions
[11:41:50] PROBE(host,mech): strafe test at yaw=0.9 — D must move along camera right (0.62161, 0.0, -0.783327)
[11:41:51] PROBE(host,mech): strafe displacement=(1.392406, 0.0, -1.754654) (len 2.24), dot with camera right=1.000
[11:41:52] PROBE(host,mech): forward displacement=(1.513038, 0.0, 1.651771) (len 2.24), dot with camera forward=1.000
[11:41:53] PROBE(host,mech): pressed into cargo wall while turning for 0.8s (attempted ~2.24m); final |x|=0.827 (wall contact at 0.825)
[11:41:54] PROBE(host,mech): pressed into cargo wall from outside for 0.8s; final x=1.573 (blocked at ~1.58)
[11:41:55] PROBE(host,mech): walked out of the truck rear; now at (0.0, 0.942493, -4.261609) (outside footprint z<-3.70, ground level y~0.87)
[11:41:55] PROBE(host,mech): MECHANICS VERIFIED — view-relative basis + solid collision + exit on foot
[11:41:55] PROBE(host): received client signal 'mechanics_done'
[11:41:55] PROBE RESULT: PASS — mechanics assertions passed (basis, walls both sides, leave on foot)
[11:41:56] ENet: peer_disconnected id=1343419816
[11:41:56] PROBE: exiting (exit code 0)
[11:41:56] ENet: server disconnected
[11:41:56] PROBE: exiting (exit code 0)
[11:41:56] PROBE: exiting (exit code 0)
Godot Engine v4.7.2.stable.official.ed1daf0bf - https://godotengine.org

[11:41:57] ENet: server listening on 127.0.0.1:24565 — HOST is peer 1
[11:41:59] ENet: peer_connected id=1555393631 (transport-level connection evidence)
[11:41:59] HOST: sent authoritative world state to new peer 1555393631
[11:41:59] HOST: RESOLVED grab by peer 1555393631 (crate now held)
[11:42:00] HOST: RESOLVED drop by peer 1555393631 — crate at (0.0, 0.35, -5.85989) (recoverable)
[11:42:00] PROBE(host): crate observed dropped BEHIND the truck at route start (z=-5.86)
[11:42:00] HOST: RESOLVED grab by peer 1555393631 (crate now held)
[11:42:00] PROBE(host): dropped crate RECOVERED by peer 1555393631
[11:42:02] HOST: peer 1555393631 occupies DRIVER position
[11:42:02] HOST: received drive input from driver 1555393631
[11:42:03] MISSION: loaded truck journey started by peer 1555393631
[11:42:06] TRUCK: route position z=10.0 (bounded 0..40)
[11:42:09] TRUCK: route position z=20.0 (bounded 0..40)
[11:42:12] TRUCK: route position z=30.0 (bounded 0..40)
[11:42:16] MISSION: loaded truck reached route end; valid driver exit now required
[11:42:16] TRUCK: route position z=40.0 (bounded 0..40)
[11:42:16] MISSION: loaded journey advanced through valid route-end seat exit by peer 1555393631
[11:42:16] HOST: peer 1555393631 left driver position at rear cargo threshold
[11:42:17] HOST: corrected peer 1555393631 movement — teleport (3.08m horizontal, 0.00m vertical)
[11:42:20] HOST: RESOLVED unload by peer 1555393631 — crate at world (0.0, 0.405, 34.73126)
[11:42:20] MISSION: HOST completed delivery #1 (loaded drive + route-end exit + zone unload) — broadcasting
[11:42:20] FEEDBACK[ok]: DELIVERY COMPLETED — loaded route and destination unload verified
[11:42:20] PROBE(host): observed host-authoritative DELIVERY COMPLETED
[11:42:20] PROBE RESULT: PASS — recovery path: drop behind truck at start recovered, delivery completed
[11:42:20] PROBE(host): received client signal 'positive_done'
[11:42:21] PROBE: exiting (exit code 0)
[11:42:21] ENet: server disconnected
[11:42:21] PROBE: exiting (exit code 0)
