Godot Engine v4.7.2.stable.official.ed1daf0bf - https://godotengine.org
WARNING: Your video card drivers seem not to support the required Vulkan version, switching to OpenGL 3.
     at: DisplayServerX11 (platform/linuxbsd/x11/display_server_x11.cpp:7124)
WARNING: Could not set V-Sync mode, as changing V-Sync mode is not supported by the graphics driver.
     at: set_use_vsync (platform/linuxbsd/x11/gl_manager_x11.cpp:372)
OpenGL API 4.5 (Core Profile) Mesa 22.3.6 - Compatibility - Using Device: Mesa/X.org - llvmpipe (LLVM 15.0.6, 128 bits)
ALSA lib confmisc.c:855:(parse_card) cannot find card '0'
ALSA lib conf.c:5180:(_snd_config_evaluate) function snd_func_card_inum returned error: No such file or directory
ALSA lib confmisc.c:422:(snd_func_concat) error evaluating strings
ALSA lib conf.c:5180:(_snd_config_evaluate) function snd_func_concat returned error: No such file or directory
ALSA lib confmisc.c:1334:(snd_func_refer) error evaluating name
ALSA lib conf.c:5180:(_snd_config_evaluate) function snd_func_refer returned error: No such file or directory
ALSA lib conf.c:5703:(snd_config_expand) Evaluate error: No such file or directory
ALSA lib pcm.c:2666:(snd_pcm_open_noupdate) Unknown PCM default
ERROR: Condition "status < 0" is true. Returning: ERR_CANT_OPEN
   at: init_output_device (drivers/alsa/audio_driver_alsa.cpp:97)
WARNING: All audio drivers failed, falling back to the dummy driver.
     at: initialize (servers/audio/audio_server.cpp:258)

[15:20:25] ENet: client connecting to 127.0.0.1:24565 ...
[15:20:25] ENet: CONNECTED to host as CLIENT peer 564815751
[15:20:25] ENet: peer_connected id=1 (transport-level connection evidence)
[15:20:28] FEEDBACK[ok]: Picked up the crate (E unload in zone · Q drop)
[15:20:28] CAPTURE: saved /company/outputs/swift-arrival-r15-final-independent-b8e3161f/positive/shots/ev_grab.png
[15:20:30] FEEDBACK[ok]: Dropped the crate — walk up and press E to pick it up again
[15:20:30] CAPTURE: saved /company/outputs/swift-arrival-r15-final-independent-b8e3161f/positive/shots/ev_drop.png
[15:20:30] CAPTURE: saved /company/outputs/swift-arrival-r15-final-independent-b8e3161f/positive/shots/seq_000_01.png
[15:20:31] FEEDBACK[ok]: Picked up the crate (E unload in zone · Q drop)
[15:20:31] CAPTURE: saved /company/outputs/swift-arrival-r15-final-independent-b8e3161f/positive/shots/ev_grab_02.png
[15:20:33] FEEDBACK[info]: SEATED — W/S drive · E exits at the rear cargo threshold
[15:20:34] CAPTURE: saved /company/outputs/swift-arrival-r15-final-independent-b8e3161f/positive/shots/ev_seat.png
[15:20:35] CAPTURE: saved /company/outputs/swift-arrival-r15-final-independent-b8e3161f/positive/shots/seq_001_03.png
[15:20:40] CAPTURE: saved /company/outputs/swift-arrival-r15-final-independent-b8e3161f/positive/shots/seq_002_04.png
[15:20:45] CAPTURE: saved /company/outputs/swift-arrival-r15-final-independent-b8e3161f/positive/shots/seq_003_05.png
[15:20:49] HOST corrected your position (exited at rear cargo threshold)
[15:20:49] FEEDBACK[info]: EXITED AT DESTINATION — unload the crate in the yellow zone
[15:20:49] CAPTURE: saved /company/outputs/swift-arrival-r15-final-independent-b8e3161f/positive/shots/ev_exit.png
[15:20:50] CAPTURE: saved /company/outputs/swift-arrival-r15-final-independent-b8e3161f/positive/shots/seq_004_06.png
[15:20:51] FEEDBACK[ok]: Unloaded the crate in the destination zone
[15:20:51] FEEDBACK[ok]: DELIVERY COMPLETED — loaded route and destination unload verified
[15:20:51] MISSION: DELIVERY COMPLETED (host-authoritative) — visible on this client (peer 564815751)
[15:20:51] CAPTURE: saved /company/outputs/swift-arrival-r15-final-independent-b8e3161f/positive/shots/ev_unload.png
[15:20:51] CAPTURE: saved /company/outputs/swift-arrival-r15-final-independent-b8e3161f/positive/shots/ev_delivered_07.png
