Godot Engine v4.7.2.stable.official.ed1daf0bf - https://godotengine.org
WARNING: Your video card drivers seem not to support the required Vulkan version, switching to OpenGL 3.
     at: DisplayServerX11 (platform/linuxbsd/x11/display_server_x11.cpp:7124)
WARNING: Could not set V-Sync mode, as changing V-Sync mode is not supported by the graphics driver.
     at: set_use_vsync (platform/linuxbsd/x11/gl_manager_x11.cpp:372)
OpenGL API 4.5 (Core Profile) Mesa 22.3.6 - Compatibility - Using Device: Mesa/X.org - llvmpipe (LLVM 15.0.6, 128 bits)
ALSA lib confmisc.c:855:(parse_card) cannot find card '0'
ALSA lib conf.c:5180:(_snd_config_evaluate) function snd_func_card_inum returned error: No such file or directory
ALSA lib confmisc.c:422:(snd_func_concat) error evaluating strings
ALSA lib conf.c:5180:(_snd_config_evaluate) function snd_func_concat returned error: No such file or directory
ALSA lib confmisc.c:1334:(snd_func_refer) error evaluating name
ALSA lib conf.c:5180:(_snd_config_evaluate) function snd_func_refer returned error: No such file or directory
ALSA lib conf.c:5703:(snd_config_expand) Evaluate error: No such file or directory
ALSA lib pcm.c:2666:(snd_pcm_open_noupdate) Unknown PCM default
ERROR: Condition "status < 0" is true. Returning: ERR_CANT_OPEN
   at: init_output_device (drivers/alsa/audio_driver_alsa.cpp:97)
WARNING: All audio drivers failed, falling back to the dummy driver.
     at: initialize (servers/audio/audio_server.cpp:258)

[11:26:27] ENet: client connecting to 127.0.0.1:24565 ...
[11:26:27] ENet: CONNECTED to host as CLIENT peer 640158588
[11:26:27] ENet: peer_connected id=1 (transport-level connection evidence)
[11:26:31] FEEDBACK[ok]: Picked up the crate (E unload in zone · Q drop)
[11:26:31] CAPTURE: saved /company/outputs/swift-arrival-journey-r1/native-bypass/shots/ev_grab.png
[11:26:32] CAPTURE: saved /company/outputs/swift-arrival-journey-r1/native-bypass/shots/seq_000_01.png
[11:26:37] CAPTURE: saved /company/outputs/swift-arrival-journey-r1/native-bypass/shots/seq_001_02.png
[11:26:42] CAPTURE: saved /company/outputs/swift-arrival-journey-r1/native-bypass/shots/seq_002_03.png
[11:26:47] CAPTURE: saved /company/outputs/swift-arrival-journey-r1/native-bypass/shots/seq_003_04.png
[11:26:52] CAPTURE: saved /company/outputs/swift-arrival-journey-r1/native-bypass/shots/seq_004_05.png
[11:26:53] FEEDBACK[reject]: REJECTED: truck journey incomplete — drive the loaded truck to 40 m, then exit there
[11:26:53] CAPTURE: saved /company/outputs/swift-arrival-journey-r1/native-bypass/shots/ev_reject_journey.png
